// Jest Snapshot v1, https://goo.gl/fbAQLP

exports[`joidoc should a sensible description 1`] = `
"{
  /**
   * Some string alkdsf jlkasj dfjklasj dfklj aklsj 
   * fkljaklsdfj klajs fklj aklsj fklja sklfjkl 
   * asjdfklj asklj klajsklfj aklsj dfklaskldfj klaj 
   * skldf jf
   */
  a: \\"yay\\",

  /**
   * Some number
   */
  b: <number>,

  /**
   * Some boolean
   */
  c: <boolean>,

  d: [<string>, ...],

  e: [{
    first: <string>,
  }, ...],

  type: <string>,
}"
`;
